------------------------------------------------------------
Timing Analyzer Summary
------------------------------------------------------------

Type  : Slow 1200mV 85C Model Setup 'stage_ifid:inst3|inst[0]'
Slack : -8.149
TNS   : -5163.465

Type  : Slow 1200mV 85C Model Setup 'inst17|altpll_component|auto_generated|pll1|clk[0]'
Slack : -5.705
TNS   : -463.924

Type  : Slow 1200mV 85C Model Hold 'stage_ifid:inst3|inst[0]'
Slack : -0.602
TNS   : -4.036

Type  : Slow 1200mV 85C Model Hold 'inst17|altpll_component|auto_generated|pll1|clk[0]'
Slack : 0.063
TNS   : 0.000

Type  : Slow 1200mV 85C Model Minimum Pulse Width 'stage_ifid:inst3|inst[0]'
Slack : -1.848
TNS   : -11702.801

Type  : Slow 1200mV 85C Model Minimum Pulse Width 'clk_core1'
Slack : 9.835
TNS   : 0.000

Type  : Slow 1200mV 85C Model Minimum Pulse Width 'inst17|altpll_component|auto_generated|pll1|clk[0]'
Slack : 399999.718
TNS   : 0.000

Type  : Slow 1200mV 0C Model Setup 'stage_ifid:inst3|inst[0]'
Slack : -7.237
TNS   : -4681.756

Type  : Slow 1200mV 0C Model Setup 'inst17|altpll_component|auto_generated|pll1|clk[0]'
Slack : -4.937
TNS   : -393.680

Type  : Slow 1200mV 0C Model Hold 'stage_ifid:inst3|inst[0]'
Slack : -0.400
TNS   : -1.984

Type  : Slow 1200mV 0C Model Hold 'inst17|altpll_component|auto_generated|pll1|clk[0]'
Slack : 0.006
TNS   : 0.000

Type  : Slow 1200mV 0C Model Minimum Pulse Width 'stage_ifid:inst3|inst[0]'
Slack : -1.594
TNS   : -10119.072

Type  : Slow 1200mV 0C Model Minimum Pulse Width 'clk_core1'
Slack : 9.818
TNS   : 0.000

Type  : Slow 1200mV 0C Model Minimum Pulse Width 'inst17|altpll_component|auto_generated|pll1|clk[0]'
Slack : 399999.684
TNS   : 0.000

Type  : Fast 1200mV 0C Model Setup 'stage_ifid:inst3|inst[0]'
Slack : -4.394
TNS   : -2867.108

Type  : Fast 1200mV 0C Model Setup 'inst17|altpll_component|auto_generated|pll1|clk[0]'
Slack : -3.324
TNS   : -268.061

Type  : Fast 1200mV 0C Model Hold 'stage_ifid:inst3|inst[0]'
Slack : -0.669
TNS   : -9.861

Type  : Fast 1200mV 0C Model Hold 'inst17|altpll_component|auto_generated|pll1|clk[0]'
Slack : -0.042
TNS   : -0.136

Type  : Fast 1200mV 0C Model Minimum Pulse Width 'stage_ifid:inst3|inst[0]'
Slack : -0.946
TNS   : -4517.813

Type  : Fast 1200mV 0C Model Minimum Pulse Width 'clk_core1'
Slack : 9.587
TNS   : 0.000

Type  : Fast 1200mV 0C Model Minimum Pulse Width 'inst17|altpll_component|auto_generated|pll1|clk[0]'
Slack : 399999.664
TNS   : 0.000

------------------------------------------------------------
